12:14:06 USER: COM13 opened
12:14:07 USER: COM13 rts on
12:14:08 USER: COM13 rts off
ets Jun  8 2016 00:22:57

rst:0x1 (POWERON_RESET),boot:0x13 (SPI_FAST_FLASH_BOOT)
configsip: 0, SPIWP:0xee
clk_drv:0x00,q_drv:0x00,d_drv:0x00,cs0_drv:0x00,hd_drv:0x00,wp_drv:0x00
mode:DIO, clock div:2
load:0x3fff0030,len:4
load:0x3fff0034,len:7720
load:0x40078000,len:15856
ho 0 tail 12 room 4
load:0x40080400,len:4000
entry 0x40080688
I (30) boot: ESP-IDF v4.2-dev-1303-gcd4fa46f5-dirty 2nd stage bootloader
I (30) boot: compile time 11:19:26
I (30) boot: chip revision: 1
I (32) boot_comm: chip revision: 1, min. bootloader chip revision: 0
I (39) boot.esp32: SPI Speed      : 40MHz
I (42) boot.esp32: SPI Mode       : DIO
I (46) boot.esp32: SPI Flash Size : 4MB
I (49) boot: Enabling RNG early entropy source...
I (54) boot: Partition Table:
I (56) boot: ## Label            Usage          Type ST Offset   Length
I (63) boot:  0 nvs              WiFi data        01 02 00009000 00004000
I (69) boot:  1 otadata          OTA data         01 00 0000d000 00002000
I (76) boot:  2 phy_init         RF data          01 01 0000f000 00001000
I (82) boot:  3 ota_0            OTA app          00 10 00010000 000f0000
I (89) boot:  4 ota_1            OTA app          00 11 00100000 000f0000
I (95) boot:  5 rawdata          Unknown data     01 ff 001f0000 00010000
I (102) boot:  6 storage          Unknown data     01 82 00280000 00180000
I (109) boot: End of partition table
I (228) boot_comm: chip revision: 1, min. application chip revision: 0
I (229) esp_image: segment 0: paddr=0x00010020 vaddr=0x3f400020 size=0x1652c ( 91436) map
I (267) esp_image: segment 1: paddr=0x00026554 vaddr=0x3ffbdb60 size=0x03624 ( 13860) load
I (274) esp_image: segment 2: paddr=0x00029b80 vaddr=0x40080000 size=0x00404 (  1028) load
I (274) esp_image: segment 3: paddr=0x00029f8c vaddr=0x40080404 size=0x0608c ( 24716) load
I (291) esp_image: segment 4: paddr=0x00030020 vaddr=0x400d0020 size=0x65254 (414292) map
I (454) esp_image: segment 5: paddr=0x0009527c vaddr=0x40086490 size=0x0e160 ( 57696) load
I (491) boot: Loaded app from partition at offset 0x10000
I (491) boot: Checking flash encryption...
I (491) flash_encrypt: flash encryption is enabled (3 plaintext flashes left)
I (496) boot: Disabling RNG early entropy source...
I (501) cpu_start: Pro cpu up.
I (503) cpu_start: Application information:
I (507) cpu_start: Project name:     bt_spp_acceptor_demo
I (512) cpu_start: App version:      8
I (516) cpu_start: Compile time:     Dec  2 2020 11:57:07
I (521) cpu_start: ELF file SHA256:  810265f03ccbdca8...
I (526) cpu_start: ESP-IDF:          v4.2-dev-1303-gcd4fa46f5-dirty
I (532) cpu_start: Starting app cpu, entry point is 0x400815b0
W (538) flash_encrypt: Flash encryption mode is DEVELOPMENT (not secure)
I (0) cpu_start: App cpu up.
I (547) heap_init: Initializing. RAM available for dynamic allocation:
I (553) heap_init: At 3FFAFF10 len 000000F0 (0 KiB): DRAM
I (558) heap_init: At 3FFB6388 len 00001C78 (7 KiB): DRAM
I (563) heap_init: At 3FFB9A20 len 00004108 (16 KiB): DRAM
I (568) heap_init: At 3FFCAFC8 len 00015038 (84 KiB): DRAM
I (573) heap_init: At 3FFE0440 len 00003AE0 (14 KiB): D/IRAM
I (579) heap_init: At 3FFE4350 len 0001BCB0 (111 KiB): D/IRAM
I (584) heap_init: At 400945F0 len 0000BA10 (46 KiB): IRAM
I (590) cpu_start: Pro cpu start user code
I (607) spi_flash: detected chip: generic
I (608) spi_flash: flash io: dio
I (608) cpu_start: Starting scheduler on PRO CPU.
I (0) cpu_start: Starting scheduler on APP CPU.
I (635) BTDM_INIT: BT controller compile version [1ee1530]
I (635) system_api: Base MAC address is not set
I (635) system_api: read default base MAC address from EFUSE
I (745) phy: phy_version: 4181, c9a03e2, Mar 10 2020, 12:45:06, 0, 0
I (1295) SPP_ACCEPTOR_DEMO: ESP_SPP_INIT_EVT
I (1315) SPP_ACCEPTOR_DEMO: event: 10
I (1315) SPP_ACCEPTOR_DEMO: ESP_SPP_START_EVT
W (1325) fw_update_printBootInfo: Boot 0x00010000, Running 0x00010000
I (1325) fw_update_printBootInfo: Running fw version: 8
I (1795) fw_update_printBootInfo: Last invalid fw version: 8
I (1795) task_ota: Try esp_ota_mark_app_valid_cancel_rollback()...
I (1855) task_ota: esp_ota_mark_app_valid_cancel_rollback ret 0
I (2865) task_ota: next slot addr 0x100000, size 0xf0000, enc 1
I (3865) task_ota: Try esp_ota_set_boot_partition()...
I (3865) esp_image: segment 0: paddr=0x00100020 vaddr=0x3f400020 size=0x1652c ( 91436) map
I (3935) esp_image: segment 1: paddr=0x00116554 vaddr=0x3ffbdb60 size=0x03624 ( 13860) 
I (3945) esp_image: segment 2: paddr=0x00119b80 vaddr=0x40080000 size=0x00404 (  1028) 
I (3955) esp_image: segment 3: paddr=0x00119f8c vaddr=0x40080404 size=0x0608c ( 24716) 
I (3975) esp_image: segment 4: paddr=0x00120020 vaddr=0x400d0020 size=0x65254 (414292) map
I (4295) esp_image: segment 5: paddr=0x0018527c vaddr=0x40086490 size=0x0e160 ( 57696) 
I (4375) task_ota: Please restart! Boot at 0x100000
I (5375) task_ota: Try esp_ota_set_boot_partition()...
I (5375) esp_image: segment 0: paddr=0x00100020 vaddr=0x3f400020 size=0x1652c ( 91436) map
I (5445) esp_image: segment 1: paddr=0x00116554 vaddr=0x3ffbdb60 size=0x03624 ( 13860) 
I (5455) esp_image: segment 2: paddr=0x00119b80 vaddr=0x40080000 size=0x00404 (  1028) 
I (5455) esp_image: segment 3: paddr=0x00119f8c vaddr=0x40080404 size=0x0608c ( 24716) 
I (5485) esp_image: segment 4: paddr=0x00120020 vaddr=0x400d0020 size=0x65254 (414292) map
I (5795) esp_image: segment 5: paddr=0x0018527c vaddr=0x40086490 size=0x0e160 ( 57696) 
Guru Meditation Error: Core  0 panic'ed (IllegalInstruction). Exception was unhandled.
Memory dump at 0x4010bb04: 3d8b5904 efb46edd 8d9ec143
Core  0 register dump:
PC      : 0x4010bb08  PS      : 0x00060f30  A0      : 0x80091abc  A1      : 0x3ffcc9e0  
A2      : 0x00000002  A3      : 0x3ffc9aa0  A4      : 0x00000000  A5      : 0x3ffca758  
A6      : 0x3ffb1b48  A7      : 0x00000000  A8      : 0x800fe13d  A9      : 0x3ffcc9c0  
A10     : 0x00000018  A11     : 0x3ffc9ab0  A12     : 0x00000000  A13     : 0x400fe834  
A14     : 0x00000001  A15     : 0x3ffc9aa0  SAR     : 0x0000001c  EXCCAUSE: 0x00000000  
EXCVADDR: 0x00000000  LBEG    : 0x4000c2e0  LEND    : 0x4000c2f6  LCOUNT  : 0xffffffff  

Backtrace:0x4010bb05:0x3ffcc9e0 0x40091ab9:0x3ffcca10


ELF file SHA256: 810265f03ccbdca8

Rebooting...
ets Jun  8 2016 00:22:57

rst:0xc (SW_CPU_RESET),boot:0x13 (SPI_FAST_FLASH_BOOT)
configsip: 0, SPIWP:0xee
clk_drv:0x00,q_drv:0x00,d_drv:0x00,cs0_drv:0x00,hd_drv:0x00,wp_drv:0x00
mode:DIO, clock div:2
load:0x3fff0030,len:4
load:0x3fff0034,len:7720
load:0x40078000,len:15856
ho 0 tail 12 room 4
load:0x40080400,len:4000
entry 0x40080688
I (31) boot: ESP-IDF v4.2-dev-1303-gcd4fa46f5-dirty 2nd stage bootloader
I (31) boot: compile time 11:19:26
I (31) boot: chip revision: 1
I (33) boot_comm: chip revision: 1, min. bootloader chip revision: 0
I (39) boot.esp32: SPI Speed      : 40MHz
I (43) boot.esp32: SPI Mode       : DIO
I (46) boot.esp32: SPI Flash Size : 4MB
I (50) boot: Enabling RNG early entropy source...
I (54) boot: Partition Table:
I (57) boot: ## Label            Usage          Type ST Offset   Length
I (63) boot:  0 nvs              WiFi data        01 02 00009000 00004000
I (70) boot:  1 otadata          OTA data         01 00 0000d000 00002000
I (76) boot:  2 phy_init         RF data          01 01 0000f000 00001000
I (83) boot:  3 ota_0            OTA app          00 10 00010000 000f0000
I (89) boot:  4 ota_1            OTA app          00 11 00100000 000f0000
I (96) boot:  5 rawdata          Unknown data     01 ff 001f0000 00010000
I (102) boot:  6 storage          Unknown data     01 82 00280000 00180000
I (109) boot: End of partition table
I (138) boot_comm: chip revision: 1, min. application chip revision: 0
I (138) esp_image: segment 0: paddr=0x00100020 vaddr=0x3f400020 size=0x1652c ( 91436) map
I (177) esp_image: segment 1: paddr=0x00116554 vaddr=0x3ffbdb60 size=0x03624 ( 13860) load
I (183) esp_image: segment 2: paddr=0x00119b80 vaddr=0x40080000 size=0x00404 (  1028) load
I (184) esp_image: segment 3: paddr=0x00119f8c vaddr=0x40080404 size=0x0608c ( 24716) load
I (201) esp_image: segment 4: paddr=0x00120020 vaddr=0x400d0020 size=0x65254 (414292) map
I (364) esp_image: segment 5: paddr=0x0018527c vaddr=0x40086490 size=0x0e160 ( 57696) load
I (401) boot: Loaded app from partition at offset 0x100000
I (401) boot: Checking flash encryption...
I (401) flash_encrypt: flash encryption is enabled (3 plaintext flashes left)
I (406) boot: Disabling RNG early entropy source...
I (410) cpu_start: Pro cpu up.
I (413) cpu_start: Application information:
I (417) cpu_start: Project name:     bt_spp_acceptor_demo
I (422) cpu_start: App version:      8
I (426) cpu_start: Compile time:     Dec  2 2020 11:57:07
I (431) cpu_start: ELF file SHA256:  810265f03ccbdca8...
I (436) cpu_start: ESP-IDF:          v4.2-dev-1303-gcd4fa46f5-dirty
I (442) cpu_start: Starting app cpu, entry point is 0x400815b0
W (447) flash_encrypt: Flash encryption mode is DEVELOPMENT (not secure)
I (439) cpu_start: App cpu up.
I (457) heap_init: Initializing. RAM available for dynamic allocation:
I (463) heap_init: At 3FFAFF10 len 000000F0 (0 KiB): DRAM
I (468) heap_init: At 3FFB6388 len 00001C78 (7 KiB): DRAM
I (473) heap_init: At 3FFB9A20 len 00004108 (16 KiB): DRAM
I (478) heap_init: At 3FFCAFC8 len 00015038 (84 KiB): DRAM
I (483) heap_init: At 3FFE0440 len 00003AE0 (14 KiB): D/IRAM
I (489) heap_init: At 3FFE4350 len 0001BCB0 (111 KiB): D/IRAM
I (494) heap_init: At 400945F0 len 0000BA10 (46 KiB): IRAM
I (499) cpu_start: Pro cpu start user code
I (517) spi_flash: detected chip: generic
I (518) spi_flash: flash io: dio
I (518) cpu_start: Starting scheduler on PRO CPU.
I (0) cpu_start: Starting scheduler on APP CPU.
I (545) BTDM_INIT: BT controller compile version [1ee1530]
I (545) system_api: Base MAC address is not set
I (545) system_api: read default base MAC address from EFUSE
I (655) phy: phy_version: 4181, c9a03e2, Mar 10 2020, 12:45:06, 0, 0
I (1205) SPP_ACCEPTOR_DEMO: ESP_SPP_INIT_EVT
I (1225) SPP_ACCEPTOR_DEMO: event: 10
I (1225) SPP_ACCEPTOR_DEMO: ESP_SPP_START_EVT
W (1235) fw_update_printBootInfo: Boot 0x00100000, Running 0x00100000
I (1235) fw_update_printBootInfo: Running fw version: 8
I (1245) task_ota: Try esp_ota_mark_app_valid_cancel_rollback()...
Guru Meditation Error: Core  0 panic'ed (IllegalInstruction). Exception was unhandled.
Memory dump at 0x4010b57c: 0422ffa0 248f7c4b 6618c782
Core  0 register dump:
PC      : 0x4010b583  PS      : 0x00060933  A0      : 0x800fdb7e  A1      : 0x3ffcc980  
A2      : 0x0000003f  A3      : 0x3ffc9ab0  A4      : 0x3ffb8d40  A5      : 0x000000ff  
A6      : 0x3ffc9aa8  A7      : 0x00060023  A8      : 0x8010b578  A9      : 0x3ffcc960  
A10     : 0x00000001  A11     : 0x3ffb81a4  A12     : 0x0000001f  A13     : 0x00060523  
A14     : 0x00000001  A15     : 0xfffffff8  SAR     : 0x0000001b  EXCCAUSE: 0x00000000  
EXCVADDR: 0x00000000  LBEG    : 0x4000c2e0  LEND    : 0x4000c2f6  LCOUNT  : 0xffffffff  

Backtrace:0x4010b580:0x3ffcc980 0x400fdb7b:0x3ffcc9c0 0x400fe129:0x3ffcc9e0 0x40091ab9:0x3ffcca10


ELF file SHA256: 810265f03ccbdca8

Rebooting...
ets Jun  8 2016 00:22:57

rst:0xc (SW_CPU_RESET),boot:0x13 (SPI_FAST_FLASH_BOOT)
configsip: 0, SPIWP:0xee
clk_drv:0x00,q_drv:0x00,d_drv:0x00,cs0_drv:0x00,hd_drv:0x00,wp_drv:0x00
mode:DIO, clock div:2
load:0x3fff0030,len:4
load:0x3fff0034,len:7720
load:0x40078000,len:15856
ho 0 tail 12 room 4
load:0x40080400,len:4000
entry 0x40080688
I (31) boot: ESP-IDF v4.2-dev-1303-gcd4fa46f5-dirty 2nd stage bootloader
I (31) boot: compile time 11:19:26
I (31) boot: chip revision: 1
I (33) boot_comm: chip revision: 1, min. bootloader chip revision: 0
I (39) boot.esp32: SPI Speed      : 40MHz
I (43) boot.esp32: SPI Mode       : DIO
I (46) boot.esp32: SPI Flash Size : 4MB
I (50) boot: Enabling RNG early entropy source...
I (54) boot: Partition Table:
I (57) boot: ## Label            Usage          Type ST Offset   Length
I (63) boot:  0 nvs              WiFi data        01 02 00009000 00004000
I (70) boot:  1 otadata          OTA data         01 00 0000d000 00002000
I (76) boot:  2 phy_init         RF data          01 01 0000f000 00001000
I (83) boot:  3 ota_0            OTA app          00 10 00010000 000f0000
I (89) boot:  4 ota_1            OTA app          00 11 00100000 000f0000
I (96) boot:  5 rawdata          Unknown data     01 ff 001f0000 00010000
I (102) boot:  6 storage          Unknown data     01 82 00280000 00180000
I (109) boot: End of partition table
E (112) boot: ota data partition invalid and no factory, will try all partitions
I (119) boot_comm: chip revision: 1, min. application chip revision: 0
I (126) esp_image: segment 0: paddr=0x00010020 vaddr=0x3f400020 size=0x1652c ( 91436) map
I (170) esp_image: segment 1: paddr=0x00026554 vaddr=0x3ffbdb60 size=0x03624 ( 13860) load
I (176) esp_image: segment 2: paddr=0x00029b80 vaddr=0x40080000 size=0x00404 (  1028) load
I (176) esp_image: segment 3: paddr=0x00029f8c vaddr=0x40080404 size=0x0608c ( 24716) load
I (193) esp_image: segment 4: paddr=0x00030020 vaddr=0x400d0020 size=0x65254 (414292) map
I (356) esp_image: segment 5: paddr=0x0009527c vaddr=0x40086490 size=0x0e160 ( 57696) load
I (393) boot: Loaded app from partition at offset 0x10000
I (394) boot: Checking flash encryption...
I (394) flash_encrypt: flash encryption is enabled (3 plaintext flashes left)
I (398) boot: Disabling RNG early entropy source...
I (403) cpu_start: Pro cpu up.
I (405) cpu_start: Application information:
I (409) cpu_start: Project name:     bt_spp_acceptor_demo
I (414) cpu_start: App version:      8
I (418) cpu_start: Compile time:     Dec  2 2020 11:57:07
I (423) cpu_start: ELF file SHA256:  810265f03ccbdca8...
I (428) cpu_start: ESP-IDF:          v4.2-dev-1303-gcd4fa46f5-dirty
I (434) cpu_start: Starting app cpu, entry point is 0x400815b0
W (440) flash_encrypt: Flash encryption mode is DEVELOPMENT (not secure)
I (431) cpu_start: App cpu up.
I (449) heap_init: Initializing. RAM available for dynamic allocation:
I (455) heap_init: At 3FFAFF10 len 000000F0 (0 KiB): DRAM
I (460) heap_init: At 3FFB6388 len 00001C78 (7 KiB): DRAM
I (465) heap_init: At 3FFB9A20 len 00004108 (16 KiB): DRAM
I (471) heap_init: At 3FFCAFC8 len 00015038 (84 KiB): DRAM
I (476) heap_init: At 3FFE0440 len 00003AE0 (14 KiB): D/IRAM
I (481) heap_init: At 3FFE4350 len 0001BCB0 (111 KiB): D/IRAM
I (487) heap_init: At 400945F0 len 0000BA10 (46 KiB): IRAM
I (492) cpu_start: Pro cpu start user code
I (509) spi_flash: detected chip: generic
I (510) spi_flash: flash io: dio
I (510) cpu_start: Starting scheduler on PRO CPU.
I (0) cpu_start: Starting scheduler on APP CPU.
I (537) BTDM_INIT: BT controller compile version [1ee1530]
I (537) system_api: Base MAC address is not set
I (537) system_api: read default base MAC address from EFUSE
I (647) phy: phy_version: 4181, c9a03e2, Mar 10 2020, 12:45:06, 0, 0
I (1227) SPP_ACCEPTOR_DEMO: ESP_SPP_INIT_EVT
I (1237) SPP_ACCEPTOR_DEMO: event: 10
I (1237) SPP_ACCEPTOR_DEMO: ESP_SPP_START_EVT
E (1247) esp_ota_ops: ota data invalid, no current app. Assuming factory
W (1257) fw_update_printBootInfo: Boot 0x00010000, Running 0x00010000
I (1257) fw_update_printBootInfo: Running fw version: 8
I (1257) task_ota: Try esp_ota_mark_app_valid_cancel_rollback()...
E (1267) esp_ota_ops: Running firmware is factory
I (1267) task_ota: esp_ota_mark_app_valid_cancel_rollback ret -1
I (2277) task_ota: next slot addr 0x100000, size 0xf0000, enc 1
I (3277) task_ota: Try esp_ota_set_boot_partition()...
I (3277) esp_image: segment 0: paddr=0x00100020 vaddr=0x3f400020 size=0x1652c ( 91436) map
I (3347) esp_image: segment 1: paddr=0x00116554 vaddr=0x3ffbdb60 size=0x03624 ( 13860) 
I (3357) esp_image: segment 2: paddr=0x00119b80 vaddr=0x40080000 size=0x00404 (  1028) 
I (3357) esp_image: segment 3: paddr=0x00119f8c vaddr=0x40080404 size=0x0608c ( 24716) 
I (3387) esp_image: segment 4: paddr=0x00120020 vaddr=0x400d0020 size=0x65254 (414292) map
I (3697) esp_image: segment 5: paddr=0x0018527c vaddr=0x40086490 size=0x0e160 ( 57696) 
I (3777) task_ota: Please restart! Boot at 0x100000
I (4777) task_ota: Try esp_ota_set_boot_partition()...
I (4777) esp_image: segment 0: paddr=0x00100020 vaddr=0x3f400020 size=0x1652c ( 91436) map
I (4847) esp_image: segment 1: paddr=0x00116554 vaddr=0x3ffbdb60 size=0x03624 ( 13860) 
I (4857) esp_image: segment 2: paddr=0x00119b80 vaddr=0x40080000 size=0x00404 (  1028) 
I (4857) esp_image: segment 3: paddr=0x00119f8c vaddr=0x40080404 size=0x0608c ( 24716) 
I (4887) esp_image: segment 4: paddr=0x00120020 vaddr=0x400d0020 size=0x65254 (414292) map
I (5197) esp_image: segment 5: paddr=0x0018527c vaddr=0x40086490 size=0x0e160 ( 57696) 
I (5277) task_ota: Please restart! Boot at 0x100000
I (6277) task_ota: Try esp_ota_set_boot_partition()...
I (6277) esp_image: segment 0: paddr=0x00100020 vaddr=0x3f400020 size=0x1652c ( 91436) map
I (6347) esp_image: segment 1: paddr=0x00116554 vaddr=0x3ffbdb60 size=0x03624 ( 13860) 
I (6357) esp_image: segment 2: paddr=0x00119b80 vaddr=0x40080000 size=0x00404 (  1028) 
I (6357) esp_image: segment 3: paddr=0x00119f8c vaddr=0x40080404 size=0x0608c ( 24716) 
I (6387) esp_image: segment 4: paddr=0x00120020 vaddr=0x400d0020 size=0x65254 (414292) map
I (6707) esp_image: segment 5: paddr=0x0018527c vaddr=0x40086490 size=0x0e160 ( 57696) 
I (6797) task_ota: Please restart! Boot at 0x100000
I (7797) task_ota: Try esp_ota_set_boot_partition()...
I (7797) esp_image: segment 0: paddr=0x00100020 vaddr=0x3f400020 size=0x1652c ( 91436) map
I (7867) esp_image: segment 1: paddr=0x00116554 vaddr=0x3ffbdb60 size=0x03624 ( 13860) 
I (7877) esp_image: segment 2: paddr=0x00119b80 vaddr=0x40080000 size=0x00404 (  1028) 
I (7877) esp_image: segment 3: paddr=0x00119f8c vaddr=0x40080404 size=0x0608c ( 24716) 
I (7907) esp_image: segment 4: paddr=0x00120020 vaddr=0x400d0020 size=0x65254 (414292) map
I (8217) esp_image: segment 5: paddr=0x0018527c vaddr=0x40086490 size=0x0e160 ( 57696) 
I (8307) task_ota: Please restart! Boot at 0x100000
I (9307) task_ota: Try esp_ota_set_boot_partition()...
I (9307) esp_image: segment 0: paddr=0x00100020 vaddr=0x3f400020 size=0x1652c ( 91436) map
I (9377) esp_image: segment 1: paddr=0x00116554 vaddr=0x3ffbdb60 size=0x03624 ( 13860) 
I (9387) esp_image: segment 2: paddr=0x00119b80 vaddr=0x40080000 size=0x00404 (  1028) 
I (9387) esp_image: segment 3: paddr=0x00119f8c vaddr=0x40080404 size=0x0608c ( 24716) 
I (9417) esp_image: segment 4: paddr=0x00120020 vaddr=0x400d0020 size=0x65254 (414292) map
I (9737) esp_image: segment 5: paddr=0x0018527c vaddr=0x40086490 size=0x0e160 ( 57696) 
I (9837) task_ota: Please restart! Boot at 0x100000
I (10837) task_ota: Try esp_ota_set_boot_partition()...
I (10837) esp_image: segment 0: paddr=0x00100020 vaddr=0x3f400020 size=0x1652c ( 91436) map
I (10907) esp_image: segment 1: paddr=0x00116554 vaddr=0x3ffbdb60 size=0x03624 ( 13860) 
I (10917) esp_image: segment 2: paddr=0x00119b80 vaddr=0x40080000 size=0x00404 (  1028) 
I (10917) esp_image: segment 3: paddr=0x00119f8c vaddr=0x40080404 size=0x0608c ( 24716) 
I (10947) esp_image: segment 4: paddr=0x00120020 vaddr=0x400d0020 size=0x65254 (414292) map
I (11257) esp_image: segment 5: paddr=0x0018527c vaddr=0x40086490 size=0x0e160 ( 57696) 
I (11367) task_ota: Please restart! Boot at 0x100000
I (12367) task_ota: Try esp_ota_set_boot_partition()...
I (12367) esp_image: segment 0: paddr=0x00100020 vaddr=0x3f400020 size=0x1652c ( 91436) map
I (12437) esp_image: segment 1: paddr=0x00116554 vaddr=0x3ffbdb60 size=0x03624 ( 13860) 
I (12447) esp_image: segment 2: paddr=0x00119b80 vaddr=0x40080000 size=0x00404 (  1028) 
I (12447) esp_image: segment 3: paddr=0x00119f8c vaddr=0x40080404 size=0x0608c ( 24716) 
I (12477) esp_image: segment 4: paddr=0x00120020 vaddr=0x400d0020 size=0x65254 (414292) map
I (12787) esp_image: segment 5: paddr=0x0018527c vaddr=0x40086490 size=0x0e160 ( 57696) 
Guru Meditation Error: Core  0 panic'ed (IllegalInstruction). Exception was unhandled.
Memory dump at 0x4011ac3c: 52444152 23944701 6eb434f4
Core  0 register dump:
PC      : 0x4011ac42  PS      : 0x00060730  A0      : 0x80112dc3  A1      : 0x3ffcc8a0  
A2      : 0x60033c00  A3      : 0x00000000  A4      : 0x00000001  A5      : 0x00000003  
A6      : 0x00000000  A7      : 0x00000009  A8      : 0x00000005  A9      : 0x00000006  
A10     : 0x00000004  A11     : 0x00000003  A12     : 0x00000018  A13     : 0xffffffe0  
A14     : 0xfffffff0  A15     : 0x00000002  SAR     : 0x0000001e  EXCCAUSE: 0x00000000  
EXCVADDR: 0x00000000  LBEG    : 0x4000c46c  LEND    : 0x4000c477  LCOUNT  : 0x00000000  

Backtrace:0x4011ac3f:0x3ffcc8a0 0x40112dc0:0x3ffcc960 0x40112eb6:0x3ffcc990 0x400d4907:0x3ffcc9c0 0x400fe0f2:0x3ffcc9e0 0x40091ab9:0x3ffcca10


ELF file SHA256: 810265f03ccbdca8

Rebooting...
ets Jun  8 2016 00:22:57

rst:0xc (SW_CPU_RESET),boot:0x13 (SPI_FAST_FLASH_BOOT)
configsip: 0, SPIWP:0xee
clk_drv:0x00,q_drv:0x00,d_drv:0x00,cs0_drv:0x00,hd_drv:0x00,wp_drv:0x00
mode:DIO, clock div:2
load:0x3fff0030,len:4
load:0x3fff0034,len:7720
load:0x40078000,len:15856
ho 0 tail 12 room 4
load:0x40080400,len:4000
entry 0x40080688
I (31) boot: ESP-IDF v4.2-dev-1303-gcd4fa46f5-dirty 2nd stage bootloader
I (31) boot: compile time 11:19:26
I (31) boot: chip revision: 1
I (33) boot_comm: chip revision: 1, min. bootloader chip revision: 0
I (39) boot.esp32: SPI Speed      : 40MHz
I (43) boot.esp32: SPI Mode       : DIO
I (46) boot.esp32: SPI Flash Size : 4MB
I (50) boot: Enabling RNG early entropy source...
I (54) boot: Partition Table:
I (57) boot: ## Label            Usage          Type ST Offset   Length
I (63) boot:  0 nvs              WiFi data        01 02 00009000 00004000
I (70) boot:  1 otadata          OTA data         01 00 0000d000 00002000
I (76) boot:  2 phy_init         RF data          01 01 0000f000 00001000
I (83) boot:  3 ota_0            OTA app          00 10 00010000 000f0000
I (89) boot:  4 ota_1            OTA app          00 11 00100000 000f0000
I (96) boot:  5 rawdata          Unknown data     01 ff 001f0000 00010000
I (102) boot:  6 storage          Unknown data     01 82 00280000 00180000
I (109) boot: End of partition table
I (168) boot_comm: chip revision: 1, min. application chip revision: 0
I (169) esp_image: segment 0: paddr=0x00100020 vaddr=0x3f400020 size=0x1652c ( 91436) map
I (208) esp_image: segment 1: paddr=0x00116554 vaddr=0x3ffbdb60 size=0x03624 ( 13860) load
I (214) esp_image: segment 2: paddr=0x00119b80 vaddr=0x40080000 size=0x00404 (  1028) load
I (214) esp_image: segment 3: paddr=0x00119f8c vaddr=0x40080404 size=0x0608c ( 24716) load
I (231) esp_image: segment 4: paddr=0x00120020 vaddr=0x400d0020 size=0x65254 (414292) map
I (394) esp_image: segment 5: paddr=0x0018527c vaddr=0x40086490 size=0x0e160 ( 57696) load
I (431) boot: Loaded app from partition at offset 0x100000
I (431) boot: Checking flash encryption...
I (432) flash_encrypt: flash encryption is enabled (3 plaintext flashes left)
I (436) boot: Disabling RNG early entropy source...
I (441) cpu_start: Pro cpu up.
I (443) cpu_start: Application information:
I (447) cpu_start: Project name:     bt_spp_acceptor_demo
I (452) cpu_start: App version:      8
I (456) cpu_start: Compile time:     Dec  2 2020 11:57:07
I (461) cpu_start: ELF file SHA256:  810265f03ccbdca8...
I (466) cpu_start: ESP-IDF:          v4.2-dev-1303-gcd4fa46f5-dirty
I (472) cpu_start: Starting app cpu, entry point is 0x400815b0
W (478) flash_encrypt: Flash encryption mode is DEVELOPMENT (not secure)
I (469) cpu_start: App cpu up.
I (487) heap_init: Initializing. RAM available for dynamic allocation:
I (493) heap_init: At 3FFAFF10 len 000000F0 (0 KiB): DRAM
I (498) heap_init: At 3FFB6388 len 00001C78 (7 KiB): DRAM
I (503) heap_init: At 3FFB9A20 len 00004108 (16 KiB): DRAM
I (508) heap_init: At 3FFCAFC8 len 00015038 (84 KiB): DRAM
I (514) heap_init: At 3FFE0440 len 00003AE0 (14 KiB): D/IRAM
I (519) heap_init: At 3FFE4350 len 0001BCB0 (111 KiB): D/IRAM
I (525) heap_init: At 400945F0 len 0000BA10 (46 KiB): IRAM
I (530) cpu_start: Pro cpu start user code
I (547) spi_flash: detected chip: generic
I (548) spi_flash: flash io: dio
I (548) cpu_start: Starting scheduler on PRO CPU.
I (0) cpu_start: Starting scheduler on APP CPU.
I (575) BTDM_INIT: BT controller compile version [1ee1530]
I (575) system_api: Base MAC address is not set
I (575) system_api: read default base MAC address from EFUSE
I (675) phy: phy_version: 4181, c9a03e2, Mar 10 2020, 12:45:06, 0, 0
I (1235) SPP_ACCEPTOR_DEMO: ESP_SPP_INIT_EVT
I (1245) SPP_ACCEPTOR_DEMO: event: 10
I (1255) SPP_ACCEPTOR_DEMO: ESP_SPP_START_EVT
W (1265) fw_update_printBootInfo: Boot 0x00100000, Running 0x00100000
I (1265) fw_update_printBootInfo: Running fw version: 8
I (1265) task_ota: Try esp_ota_mark_app_valid_cancel_rollback()...
Guru Meditation Error: Core  0 panic'ed (IllegalInstruction). Exception was unhandled.
Memory dump at 0x4010b57c: 0422ffa0 248f7c4b 6618c782
Core  0 register dump:
PC      : 0x4010b583  PS      : 0x00060933  A0      : 0x800fdb7e  A1      : 0x3ffcc980  
A2      : 0x0000003f  A3      : 0x3ffc9ab0  A4      : 0x3ffb8d40  A5      : 0x000000ff  
A6      : 0x3ffc9aa8  A7      : 0x00060023  A8      : 0x8010b578  A9      : 0x3ffcc960  
A10     : 0x00000001  A11     : 0x3ffb81a4  A12     : 0x0000001f  A13     : 0x00060523  
A14     : 0x00000001  A15     : 0xfffffff8  SAR     : 0x0000001b  EXCCAUSE: 0x00000000  
EXCVADDR: 0x00000000  LBEG    : 0x4000c2e0  LEND    : 0x4000c2f6  LCOUNT  : 0xffffffff  

Backtrace:0x4010b580:0x3ffcc980 0x400fdb7b:0x3ffcc9c0 0x400fe129:0x3ffcc9e0 0x40091ab9:0x3ffcca10


ELF file SHA256: 810265f03ccbdca8

Rebooting...
ets Jun  8 2016 00:22:57

rst:0xc (SW_CPU_RESET),boot:0x13 (SPI_FAST_FLASH_BOOT)
configsip: 0, SPIWP:0xee
clk_drv:0x00,q_drv:0x00,d_drv:0x00,cs0_drv:0x00,hd_drv:0x00,wp_drv:0x00
mode:DIO, clock div:2
load:0x3fff0030,len:4
load:0x3fff0034,len:7720
load:0x40078000,len:15856
ho 0 tail 12 room 4
load:0x40080400,len:4000
entry 0x40080688
I (31) boot: ESP-IDF v4.2-dev-1303-gcd4fa46f5-dirty 2nd stage bootloader
I (31) boot: compile time 11:19:26
I (31) boot: chip revision: 1
I (33) boot_comm: chip revision: 1, min. bootloader chip revision: 0
I (39) boot.esp32: SPI Speed      : 40MHz
I (43) boot.esp32: SPI Mode       : DIO
I (46) boot.esp32: SPI Flash Size : 4MB
I (50) boot: Enabling RNG early entropy source...
I (54) boot: Partition Table:
I (57) boot: ## Label            Usage          Type ST Offset   Length
I (63) boot:  0 nvs              WiFi data        01 02 00009000 00004000
I (70) boot:  1 otadata          OTA data         01 00 0000d000 00002000
I (76) boot:  2 phy_init         RF data          01 01 0000f000 00001000
I (83) boot:  3 ota_0            OTA app          00 10 00010000 000f0000
I (89) boot:  4 ota_1            OTA app          00 11 00100000 000f0000
I (96) boot:  5 rawdata          Unknown data     01 ff 001f0000 00010000
I (102) boot:  6 storage          Unknown data     01 82 00280000 00180000
I (109) boot: End of partition table
E (112) boot: ota data partition invalid and no factory, will try all partitions
I (119) boot_comm: chip revision: 1, min. application chip revision: 0
I (126) esp_image: segment 0: paddr=0x00010020 vaddr=0x3f400020 size=0x1652c ( 91436) map
I (170) esp_image: segment 1: paddr=0x00026554 vaddr=0x3ffbdb60 size=0x03624 ( 13860) load
I (176) esp_image: segment 2: paddr=0x00029b80 vaddr=0x40080000 size=0x00404 (  1028) load
I (176) esp_image: segment 3: paddr=0x00029f8c vaddr=0x40080404 size=0x0608c ( 24716) load
I (193) esp_image: segment 4: paddr=0x00030020 vaddr=0x400d0020 size=0x65254 (414292) map
I (356) esp_image: segment 5: paddr=0x0009527c vaddr=0x40086490 size=0x0e160 ( 57696) load
I (393) boot: Loaded app from partition at offset 0x10000
I (394) boot: Checking flash encryption...
I (394) flash_encrypt: flash encryption is enabled (3 plaintext flashes left)
I (398) boot: Disabling RNG early entropy source...
I (403) cpu_start: Pro cpu up.
I (405) cpu_start: Application information:
I (409) cpu_start: Project name:     bt_spp_acceptor_demo
I (414) cpu_start: App version:      8
I (418) cpu_start: Compile time:     Dec  2 2020 11:57:07
I (423) cpu_start: ELF file SHA256:  810265f03ccbdca8...
I (428) cpu_start: ESP-IDF:          v4.2-dev-1303-gcd4fa46f5-dirty
I (434) cpu_start: Starting app cpu, entry point is 0x400815b0
W (440) flash_encrypt: Flash encryption mode is DEVELOPMENT (not secure)
I (431) cpu_start: App cpu up.
I (449) heap_init: Initializing. RAM available for dynamic allocation:
I (455) heap_init: At 3FFAFF10 len 000000F0 (0 KiB): DRAM
I (460) heap_init: At 3FFB6388 len 00001C78 (7 KiB): DRAM
I (465) heap_init: At 3FFB9A20 len 00004108 (16 KiB): DRAM
I (471) heap_init: At 3FFCAFC8 len 00015038 (84 KiB): DRAM
I (476) heap_init: At 3FFE0440 len 00003AE0 (14 KiB): D/IRAM
I (481) heap_init: At 3FFE4350 len 0001BCB0 (111 KiB): D/IRAM
I (487) heap_init: At 400945F0 len 0000BA10 (46 KiB): IRAM
I (492) cpu_start: Pro cpu start user code
I (509) spi_flash: detected chip: generic
I (510) spi_flash: flash io: dio
I (510) cpu_start: Starting scheduler on PRO CPU.
I (0) cpu_start: Starting scheduler on APP CPU.
I (537) BTDM_INIT: BT controller compile version [1ee1530]
I (537) system_api: Base MAC address is not set
I (537) system_api: read default base MAC address from EFUSE
I (647) phy: phy_version: 4181, c9a03e2, Mar 10 2020, 12:45:06, 0, 0
I (1217) SPP_ACCEPTOR_DEMO: ESP_SPP_INIT_EVT
I (1227) SPP_ACCEPTOR_DEMO: event: 10
I (1227) SPP_ACCEPTOR_DEMO: ESP_SPP_START_EVT
E (1237) esp_ota_ops: ota data invalid, no current app. Assuming factory
W (1247) fw_update_printBootInfo: Boot 0x00010000, Running 0x00010000
I (1247) fw_update_printBootInfo: Running fw version: 8
I (1247) task_ota: Try esp_ota_mark_app_valid_cancel_rollback()...
E (1257) esp_ota_ops: Running firmware is factory
I (1257) task_ota: esp_ota_mark_app_valid_cancel_rollback ret -1
I (2267) task_ota: next slot addr 0x100000, size 0xf0000, enc 1
I (3267) task_ota: Try esp_ota_set_boot_partition()...
I (3267) esp_image: segment 0: paddr=0x00100020 vaddr=0x3f400020 size=0x1652c ( 91436) map
I (3337) esp_image: segment 1: paddr=0x00116554 vaddr=0x3ffbdb60 size=0x03624 ( 13860) 
I (3347) esp_image: segment 2: paddr=0x00119b80 vaddr=0x40080000 size=0x00404 (  1028) 
I (3347) esp_image: segment 3: paddr=0x00119f8c vaddr=0x40080404 size=0x0608c ( 24716) 
I (3377) esp_image: segment 4: paddr=0x00120020 vaddr=0x400d0020 size=0x65254 (414292) map
I (3687) esp_image: segment 5: paddr=0x0018527c vaddr=0x40086490 size=0x0e160 ( 57696) 
I (3797) task_ota: Please restart! Boot at 0x100000
I (4797) task_ota: Try esp_ota_set_boot_partition()...
I (4797) esp_image: segment 0: paddr=0x00100020 vaddr=0x3f400020 size=0x1652c ( 91436) map
I (4867) esp_image: segment 1: paddr=0x00116554 vaddr=0x3ffbdb60 size=0x03624 ( 13860) 
I (4877) esp_image: segment 2: paddr=0x00119b80 vaddr=0x40080000 size=0x00404 (  1028) 
I (4877) esp_image: segment 3: paddr=0x00119f8c vaddr=0x40080404 size=0x0608c ( 24716) 
I (4907) esp_image: segment 4: paddr=0x00120020 vaddr=0x400d0020 size=0x65254 (414292) map
I (5217) esp_image: segment 5: paddr=0x0018527c vaddr=0x40086490 size=0x0e160 ( 57696) 
I (5327) task_ota: Please restart! Boot at 0x100000
I (6327) task_ota: Try esp_ota_set_boot_partition()...
I (6327) esp_image: segment 0: paddr=0x00100020 vaddr=0x3f400020 size=0x1652c ( 91436) map
I (6397) esp_image: segment 1: paddr=0x00116554 vaddr=0x3ffbdb60 size=0x03624 ( 13860) 
I (6407) esp_image: segment 2: paddr=0x00119b80 vaddr=0x40080000 size=0x00404 (  1028) 
I (6417) esp_image: segment 3: paddr=0x00119f8c vaddr=0x40080404 size=0x0608c ( 24716) 
I (6437) esp_image: segment 4: paddr=0x00120020 vaddr=0x400d0020 size=0x65254 (414292) map
I (6757) esp_image: segment 5: paddr=0x0018527c vaddr=0x40086490 size=0x0e160 ( 57696) 
I (6857) task_ota: Please restart! Boot at 0x100000
I (7857) task_ota: Try esp_ota_set_boot_partition()...
I (7857) esp_image: segment 0: paddr=0x00100020 vaddr=0x3f400020 size=0x1652c ( 91436) map
I (7927) esp_image: segment 1: paddr=0x00116554 vaddr=0x3ffbdb60 size=0x03624 ( 13860) 
I (7937) esp_image: segment 2: paddr=0x00119b80 vaddr=0x40080000 size=0x00404 (  1028) 
I (7937) esp_image: segment 3: paddr=0x00119f8c vaddr=0x40080404 size=0x0608c ( 24716) 
I (7967) esp_image: segment 4: paddr=0x00120020 vaddr=0x400d0020 size=0x65254 (414292) map
I (8277) esp_image: segment 5: paddr=0x0018527c vaddr=0x40086490 size=0x0e160 ( 57696) 
Guru Meditation Error: Core  0 panic'ed (IllegalInstruction). Exception was unhandled.
Memory dump at 0x4011ac3c: 52444152 23944701 6eb434f4
Core  0 register dump:
PC      : 0x4011ac42  PS      : 0x00060f30  A0      : 0x80112dc3  A1      : 0x3ffcc8a0  
A2      : 0x60033c00  A3      : 0x00000000  A4      : 0x00000001  A5      : 0x00000003  
A6      : 0x00000000  A7      : 0x00000009  A8      : 0x00000005  A9      : 0x00000006  
A10     : 0x00000004  A11     : 0x00000003  A12     : 0x00000018  A13     : 0xffffffe0  
A14     : 0xfffffff0  A15     : 0x00000002  SAR     : 0x0000001e  EXCCAUSE: 0x00000000  
EXCVADDR: 0x00000000  LBEG    : 0x4000c46c  LEND    : 0x4000c477  LCOUNT  : 0x00000000  

Backtrace:0x4011ac3f:0x3ffcc8a0 0x40112dc0:0x3ffcc960 0x40112eb6:0x3ffcc990 0x400d4907:0x3ffcc9c0 0x400fe0f2:0x3ffcc9e0 0x40091ab9:0x3ffcca10


ELF file SHA256: 810265f03ccbdca8

Rebooting...
ets Jun  8 2016 00:22:57

rst:0xc (SW_CPU_RESET),boot:0x13 (SPI_FAST_FLASH_BOOT)
configsip: 0, SPIWP:0xee
clk_drv:0x00,q_drv:0x00,d_drv:0x00,cs0_drv:0x00,hd_drv:0x00,wp_drv:0x00
mode:DIO, clock div:2
load:0x3fff0030,len:4
load:0x3fff0034,len:7720
load:0x40078000,len:15856
ho 0 tail 12 room 4
load:0x40080400,len:4000
entry 0x40080688
I (31) boot: ESP-IDF v4.2-dev-1303-gcd4fa46f5-dirty 2nd stage bootloader
I (31) boot: compile time 11:19:26
I (31) boot: chip revision: 1
I (33) boot_comm: chip revision: 1, min. bootloader chip revision: 0
I (39) boot.esp32: SPI Speed      : 40MHz
I (43) boot.esp32: SPI Mode       : DIO
I (46) boot.esp32: SPI Flash Size : 4MB
I (50) boot: Enabling RNG early entropy source...
I (54) boot: Partition Table:
I (57) boot: ## Label            Usage          Type ST Offset   Length
I (63) boot:  0 nvs              WiFi data        01 02 00009000 00004000
I (70) boot:  1 otadata          OTA data         01 00 0000d000 00002000
I (76) boot:  2 phy_init         RF data          01 01 0000f000 00001000
I (83) boot:  3 ota_0            OTA app          00 10 00010000 000f0000
I (89) boot:  4 ota_1            OTA app          00 11 00100000 000f0000
I (96) boot:  5 rawdata          Unknown data     01 ff 001f0000 00010000
I (102) boot:  6 storage          Unknown data     01 82 00280000 00180000
I (109) boot: End of partition table
I (143) boot_comm: chip revision: 1, min. application chip revision: 0
I (143) esp_image: segment 0: paddr=0x00100020 vaddr=0x3f400020 size=0x1652c ( 91436) map
I (182) esp_image: segment 1: paddr=0x00116554 vaddr=0x3ffbdb60 size=0x03624 ( 13860) load
I (188) esp_image: segment 2: paddr=0x00119b80 vaddr=0x40080000 size=0x00404 (  1028) load
I (189) esp_image: segment 3: paddr=0x00119f8c vaddr=0x40080404 size=0x0608c ( 24716) load
I (206) esp_image: segment 4: paddr=0x00120020 vaddr=0x400d0020 size=0x65254 (414292) map
I (369) esp_image: segment 5: paddr=0x0018527c vaddr=0x40086490 size=0x0e160 ( 57696) load
I (406) boot: Loaded app from partition at offset 0x100000
I (406) boot: Checking flash encryption...
I (406) flash_encrypt: flash encryption is enabled (3 plaintext flashes left)
I (411) boot: Disabling RNG early entropy source...
I (416) cpu_start: Pro cpu up.
I (418) cpu_start: Application information:
I (422) cpu_start: Project name:     bt_spp_acceptor_demo
I (427) cpu_start: App version:      8
I (431) cpu_start: Compile time:     Dec  2 2020 11:57:07
I (436) cpu_start: ELF file SHA256:  810265f03ccbdca8...
I (441) cpu_start: ESP-IDF:          v4.2-dev-1303-gcd4fa46f5-dirty
I (447) cpu_start: Starting app cpu, entry point is 0x400815b0
W (453) flash_encrypt: Flash encryption mode is DEVELOPMENT (not secure)
I (444) cpu_start: App cpu up.
I (462) heap_init: Initializing. RAM available for dynamic allocation:
I (468) heap_init: At 3FFAFF10 len 000000F0 (0 KiB): DRAM
I (473) heap_init: At 3FFB6388 len 00001C78 (7 KiB): DRAM
I (478) heap_init: At 3FFB9A20 len 00004108 (16 KiB): DRAM
I (483) heap_init: At 3FFCAFC8 len 00015038 (84 KiB): DRAM
I (488) heap_init: At 3FFE0440 len 00003AE0 (14 KiB): D/IRAM
I (494) heap_init: At 3FFE4350 len 0001BCB0 (111 KiB): D/IRAM
I (499) heap_init: At 400945F0 len 0000BA10 (46 KiB): IRAM
I (505) cpu_start: Pro cpu start user code
I (522) spi_flash: detected chip: generic
I (523) spi_flash: flash io: dio
I (523) cpu_start: Starting scheduler on PRO CPU.
I (0) cpu_start: Starting scheduler on APP CPU.
I (550) BTDM_INIT: BT controller compile version [1ee1530]
I (550) system_api: Base MAC address is not set
I (550) system_api: read default base MAC address from EFUSE
I (660) phy: phy_version: 4181, c9a03e2, Mar 10 2020, 12:45:06, 0, 0
I (1210) SPP_ACCEPTOR_DEMO: ESP_SPP_INIT_EVT
I (1230) SPP_ACCEPTOR_DEMO: event: 10
I (1230) SPP_ACCEPTOR_DEMO: ESP_SPP_START_EVT
W (1240) fw_update_printBootInfo: Boot 0x00100000, Running 0x00100000
I (1240) fw_update_printBootInfo: Running fw version: 8
I (1240) task_ota: Try esp_ota_mark_app_valid_cancel_rollback()...
Guru Meditation Error: Core  0 panic'ed (IllegalInstruction). Exception was unhandled.
Memory dump at 0x4010b57c: 0422ffa0 248f7c4b 6618c782
Core  0 register dump:
PC      : 0x4010b583  PS      : 0x00060933  A0      : 0x800fdb7e  A1      : 0x3ffcc980  
A2      : 0x0000003f  A3      : 0x3ffc9ab0  A4      : 0x3ffb8d40  A5      : 0x000000ff  
A6      : 0x3ffc9aa8  A7      : 0x00060023  A8      : 0x8010b578  A9      : 0x3ffcc960  
A10     : 0x00000001  A11     : 0x3ffb81a4  A12     : 0x0000001f  A13     : 0x00060523  
A14     : 0x00000001  A15     : 0xfffffff8  SAR     : 0x0000001b  EXCCAUSE: 0x00000000  
EXCVADDR: 0x00000000  LBEG    : 0x4000c2e0  LEND    : 0x4000c2f6  LCOUNT  : 0xffffffff  

Backtrace:0x4010b580:0x3ffcc980 0x400fdb7b:0x3ffcc9c0 0x400fe129:0x3ffcc9e0 0x40091ab9:0x3ffcca10


ELF file SHA256: 810265f03ccbdca8

Rebooting...
ets Jun  8 2016 00:22:57

rst:0xc (SW_CPU_RESET),boot:0x13 (SPI_FAST_FLASH_BOOT)
configsip: 0, SPIWP:0xee
clk_drv:0x00,q_drv:0x00,d_drv:0x00,cs0_drv:0x00,hd_drv:0x00,wp_drv:0x00
mode:DIO, clock div:2
load:0x3fff0030,len:4
load:0x3fff0034,len:7720
load:0x40078000,len:15856
ho 0 tail 12 room 4
load:0x40080400,len:4000
entry 0x40080688
I (31) boot: ESP-IDF v4.2-dev-1303-gcd4fa46f5-dirty 2nd stage bootloader
I (31) boot: compile time 11:19:26
I (31) boot: chip revision: 1
I (33) boot_comm: chip revision: 1, min. bootloader chip revision: 0
I (39) boot.esp32: SPI Speed      : 40MHz
I (43) boot.esp32: SPI Mode       : DIO
I (46) boot.esp32: SPI Flash Size : 4MB
I (50) boot: Enabling RNG early entropy source...
I (54) boot: Partition Table:
I (57) boot: ## Label            Usage          Type ST Offset   Length
I (63) boot:  0 nvs              WiFi data        01 02 00009000 00004000
I (70) boot:  1 otadata          OTA data         01 00 0000d000 00002000
I (76) boot:  2 phy_init         RF data          01 01 0000f000 00001000
I (83) boot:  3 ota_0            OTA app          00 10 00010000 000f0000
I (89) boot:  4 ota_1            OTA app          00 11 00100000 000f0000
I (96) boot:  5 rawdata          Unknown data     01 ff 001f0000 00010000
I (102) boot:  6 storage          Unknown data     01 82 00280000 00180000
I (109) boot: End of partition table
E (112) boot: ota data partition invalid and no factory, will try all partitions
I (119) boot_comm: chip revision: 1, min. application chip revision: 0
I (126) esp_image: segment 0: paddr=0x00010020 vaddr=0x3f400020 size=0x1652c ( 91436) map
I (170) esp_image: segment 1: paddr=0x00026554 vaddr=0x3ffbdb60 size=0x03624 ( 13860) load
I (176) esp_image: segment 2: paddr=0x00029b80 vaddr=0x40080000 size=0x00404 (  1028) load
I (176) esp_image: segment 3: paddr=0x00029f8c vaddr=0x40080404 size=0x0608c ( 24716) load
I (193) esp_image: segment 4: paddr=0x00030020 vaddr=0x400d0020 size=0x65254 (414292) map
I (356) esp_image: segment 5: paddr=0x0009527c vaddr=0x40086490 size=0x0e160 ( 57696) load
I (393) boot: Loaded app from partition at offset 0x10000
I (394) boot: Checking flash encryption...
I (394) flash_encrypt: flash encryption is enabled (3 plaintext flashes left)
I (398) boot: Disabling RNG early entropy source...
I (403) cpu_start: Pro cpu up.
I (405) cpu_start: Application information:
I (409) cpu_start: Project name:     bt_spp_acceptor_demo
I (414) cpu_start: App version:      8
I (418) cpu_start: Compile time:     Dec  2 2020 11:57:07
I (423) cpu_start: ELF file SHA256:  810265f03ccbdca8...
I (428) cpu_start: ESP-IDF:          v4.2-dev-1303-gcd4fa46f5-dirty
I (434) cpu_start: Starting app cpu, entry point is 0x400815b0
W (440) flash_encrypt: Flash encryption mode is DEVELOPMENT (not secure)
I (431) cpu_start: App cpu up.
I (449) heap_init: Initializing. RAM available for dynamic allocation:
I (455) heap_init: At 3FFAFF10 len 000000F0 (0 KiB): DRAM
I (460) heap_init: At 3FFB6388 len 00001C78 (7 KiB): DRAM
I (465) heap_init: At 3FFB9A20 len 00004108 (16 KiB): DRAM
I (471) heap_init: At 3FFCAFC8 len 00015038 (84 KiB): DRAM
I (476) heap_init: At 3FFE0440 len 00003AE0 (14 KiB): D/IRAM
I (481) heap_init: At 3FFE4350 len 0001BCB0 (111 KiB): D/IRAM
I (487) heap_init: At 400945F0 len 0000BA10 (46 KiB): IRAM
I (492) cpu_start: Pro cpu start user code
I (509) spi_flash: detected chip: generic
I (510) spi_flash: flash io: dio
I (510) cpu_start: Starting scheduler on PRO CPU.
I (0) cpu_start: Starting scheduler on APP CPU.
I (537) BTDM_INIT: BT controller compile version [1ee1530]
I (537) system_api: Base MAC address is not set
I (537) system_api: read default base MAC address from EFUSE
I (637) phy: phy_version: 4181, c9a03e2, Mar 10 2020, 12:45:06, 0, 0
I (1237) SPP_ACCEPTOR_DEMO: ESP_SPP_INIT_EVT
I (1247) SPP_ACCEPTOR_DEMO: event: 10
I (1257) SPP_ACCEPTOR_DEMO: ESP_SPP_START_EVT
E (1257) esp_ota_ops: ota data invalid, no current app. Assuming factory
W (1267) fw_update_printBootInfo: Boot 0x00010000, Running 0x00010000
I (1267) fw_update_printBootInfo: Running fw version: 8
I (1277) task_ota: Try esp_ota_mark_app_valid_cancel_rollback()...
E (1277) esp_ota_ops: Running firmware is factory
I (1287) task_ota: esp_ota_mark_app_valid_cancel_rollback ret -1
I (2287) task_ota: next slot addr 0x100000, size 0xf0000, enc 1
I (3287) task_ota: Try esp_ota_set_boot_partition()...
I (3287) esp_image: segment 0: paddr=0x00100020 vaddr=0x3f400020 size=0x1652c ( 91436) map
I (3357) esp_image: segment 1: paddr=0x00116554 vaddr=0x3ffbdb60 size=0x03624 ( 13860) 
I (3367) esp_image: segment 2: paddr=0x00119b80 vaddr=0x40080000 size=0x00404 (  1028) 
I (3367) esp_image: segment 3: paddr=0x00119f8c vaddr=0x40080404 size=0x0608c ( 24716) 
I (3397) esp_image: segment 4: paddr=0x00120020 vaddr=0x400d0020 size=0x65254 (414292) map
I (3707) esp_image: segment 5: paddr=0x0018527c vaddr=0x40086490 size=0x0e160 ( 57696) 
I (3787) task_ota: Please restart! Boot at 0x100000
I (4787) task_ota: Try esp_ota_set_boot_partition()...
I (4787) esp_image: segment 0: paddr=0x00100020 vaddr=0x3f400020 size=0x1652c ( 91436) map
I (4857) esp_image: segment 1: paddr=0x00116554 vaddr=0x3ffbdb60 size=0x03624 ( 13860) 
I (4867) esp_image: segment 2: paddr=0x00119b80 vaddr=0x40080000 size=0x00404 (  1028) 
I (4867) esp_image: segment 3: paddr=0x00119f8c vaddr=0x40080404 size=0x0608c ( 24716) 
I (4897) esp_image: segment 4: paddr=0x00120020 vaddr=0x400d0020 size=0x65254 (414292) map
I (5217) esp_image: segment 5: paddr=0x0018527c vaddr=0x40086490 size=0x0e160 ( 57696) 
I (5297) task_ota: Please restart! Boot at 0x100000
12:14:46 USER: COM13 rts on
I (6297) task_ota: Try esp_ota_set_boot_partition()...
I (6297) esp_image: segment 0: paddr=0x00100020 vaddr=0x3f400020 size=0x1652c ( 91436) map
I (6367) esp_image: segment 1: paddr=0x00116554 vaddr=0x3ffbdb60 size=0x03624 ( 13860) 
I (6377) esp_image: segment 2: paddr=0x00119b80 vaddr=0x40080000 size=0x00404 (  1028) 
I (6377) esp_image: segment 3: paddr=0x00119f8c vaddr=0x40080404 size=0x0608c ( 24716) 
I (6407) esp_image: segment 4: paddr=0x00120020 vaddr=0x400d0020 size=0x65254 (414292) map
12:14:58 USER: COM13 rts off
ets Jun  8 2016 00:22:57

rst:0x1 (POWERON_RESET),boot:0x13 (SPI_FAST_FLASH_BOOT)
configsip: 0, SPIWP:0xee
clk_drv:0x00,q_drv:0x00,d_drv:0x00,cs0_drv:0x00,hd_drv:0x00,wp_drv:0x00
mode:DIO, clock div:2
load:0x3fff0030,len:4
load:0x3fff0034,len:7720
load:0x40078000,len:15856
ho 0 tail 12 room 4
load:0x40080400,len:4000
entry 0x40080688
I (30) boot: ESP-IDF v4.2-dev-1303-gcd4fa46f5-dirty 2nd stage bootloader
I (30) boot: compile time 11:19:26
I (30) boot: chip revision: 1
I (32) boot_comm: chip revision: 1, min. bootloader chip revision: 0
I (39) boot.esp32: SPI Speed      : 40MHz
I (42) boot.esp32: SPI Mode       : DIO
I (46) boot.esp32: SPI Flash Size : 4MB
I (49) boot: Enabling RNG early entropy source...
I (54) boot: Partition Table:
I (56) boot: ## Label            Usage          Type ST Offset   Length
I (63) boot:  0 nvs              WiFi data        01 02 00009000 00004000
I (69) boot:  1 otadata          OTA data         01 00 0000d000 00002000
I (76) boot:  2 phy_init         RF data          01 01 0000f000 00001000
I (82) boot:  3 ota_0            OTA app          00 10 00010000 000f0000
I (89) boot:  4 ota_1            OTA app          00 11 00100000 000f0000
I (95) boot:  5 rawdata          Unknown data     01 ff 001f0000 00010000
I (102) boot:  6 storage          Unknown data     01 82 00280000 00180000
I (109) boot: End of partition table
I (149) boot_comm: chip revision: 1, min. application chip revision: 0
I (149) esp_image: segment 0: paddr=0x00100020 vaddr=0x3f400020 size=0x1652c ( 91436) map
I (188) esp_image: segment 1: paddr=0x00116554 vaddr=0x3ffbdb60 size=0x03624 ( 13860) load
I (194) esp_image: segment 2: paddr=0x00119b80 vaddr=0x40080000 size=0x00404 (  1028) load
I (195) esp_image: segment 3: paddr=0x00119f8c vaddr=0x40080404 size=0x0608c ( 24716) load
I (212) esp_image: segment 4: paddr=0x00120020 vaddr=0x400d0020 size=0x65254 (414292) map
I (375) esp_image: segment 5: paddr=0x0018527c vaddr=0x40086490 size=0x0e160 ( 57696) load
I (412) boot: Loaded app from partition at offset 0x100000
I (412) boot: Checking flash encryption...
I (412) flash_encrypt: flash encryption is enabled (3 plaintext flashes left)
I (417) boot: Disabling RNG early entropy source...
I (422) cpu_start: Pro cpu up.
I (424) cpu_start: Application information:
I (428) cpu_start: Project name:     bt_spp_acceptor_demo
I (433) cpu_start: App version:      8
I (437) cpu_start: Compile time:     Dec  2 2020 11:57:07
I (442) cpu_start: ELF file SHA256:  810265f03ccbdca8...
I (447) cpu_start: ESP-IDF:          v4.2-dev-1303-gcd4fa46f5-dirty
I (453) cpu_start: Starting app cpu, entry point is 0x400815b0
W (459) flash_encrypt: Flash encryption mode is DEVELOPMENT (not secure)
I (0) cpu_start: App cpu up.
I (468) heap_init: Initializing. RAM available for dynamic allocation:
I (474) heap_init: At 3FFAFF10 len 000000F0 (0 KiB): DRAM
I (479) heap_init: At 3FFB6388 len 00001C78 (7 KiB): DRAM
I (484) heap_init: At 3FFB9A20 len 00004108 (16 KiB): DRAM
I (489) heap_init: At 3FFCAFC8 len 00015038 (84 KiB): DRAM
I (494) heap_init: At 3FFE0440 len 00003AE0 (14 KiB): D/IRAM
I (500) heap_init: At 3FFE4350 len 0001BCB0 (111 KiB): D/IRAM
I (505) heap_init: At 400945F0 len 0000BA10 (46 KiB): IRAM
I (510) cpu_start: Pro cpu start user code
I (528) spi_flash: detected chip: generic
I (529) spi_flash: flash io: dio
I (529) cpu_start: Starting scheduler on PRO CPU.
I (0) cpu_start: Starting scheduler on APP CPU.
I (556) BTDM_INIT: BT controller compile version [1ee1530]
I (556) system_api: Base MAC address is not set
I (556) system_api: read default base MAC address from EFUSE
I (666) phy: phy_version: 4181, c9a03e2, Mar 10 2020, 12:45:06, 0, 0
I (1216) SPP_ACCEPTOR_DEMO: ESP_SPP_INIT_EVT
I (1226) SPP_ACCEPTOR_DEMO: event: 10
I (1236) SPP_ACCEPTOR_DEMO: ESP_SPP_START_EVT
W (1246) fw_update_printBootInfo: Boot 0x00100000, Running 0x00100000
I (1246) fw_update_printBootInfo: Running fw version: 8
I (1246) task_ota: Try esp_ota_mark_app_valid_cancel_rollback()...
Guru Meditation Error: Core  0 panic'ed (LoadProhibited). Exception was unhandled.

Core  0 register dump:
PC      : 0x400827ef  PS      : 0x00060330  A0      : 0x80082944  A1      : 0x3ffcc920  
A2      : 0x0a1f0354  A3      : 0xffffffff  A4      : 0x00000001  A5      : 0x00000000  
A6      : 0x00000001  A7      : 0x00060023  A8      : 0x8008287a  A9      : 0x3ffcc8e0  
A10     : 0x00000001  A11     : 0x00000000  A12     : 0x3ffccae4  A13     : 0x00000000  
A14     : 0x00000000  A15     : 0x00000000  SAR     : 0x00000020  EXCCAUSE: 0x0000001c  
EXCVADDR: 0x0a1f0354  LBEG    : 0x4000c2e0  LEND    : 0x4000c2f6  LCOUNT  : 0xffffffff  

Backtrace:0x400827ec:0x3ffcc920 0x40082941:0x3ffcc950 0x40112b7d:0x3ffcc970 0x400d4718:0x3ffcc9a0 0x400fdbb9:0x3ffcc9c0 0x400fe129:0x3ffcc9e0 0x40091ab9:0x3ffcca10


ELF file SHA256: 810265f03ccbdca8

Rebooting...
ets Jun  8 2016 00:22:57

rst:0xc (SW_CPU_RESET),boot:0x13 (SPI_FAST_FLASH_BOOT)
configsip: 0, SPIWP:0xee
clk_drv:0x00,q_drv:0x00,d_drv:0x00,cs0_drv:0x00,hd_drv:0x00,wp_drv:0x00
mode:DIO, clock div:2
load:0x3fff0030,len:4
load:0x3fff0034,len:7720
load:0x40078000,len:15856
ho 0 tail 12 room 4
load:0x40080400,len:4000
entry 0x40080688
I (31) boot: ESP-IDF v4.2-dev-1303-gcd4fa46f5-dirty 2nd stage bootloader
I (31) boot: compile time 11:19:26
I (31) boot: chip revision: 1
I (33) boot_comm: chip revision: 1, min. bootloader chip revision: 0
I (39) boot.esp32: SPI Speed      : 40MHz
I (43) boot.esp32: SPI Mode       : DIO
I (46) boot.esp32: SPI Flash Size : 4MB
I (50) boot: Enabling RNG early entropy source...
I (54) boot: Partition Table:
I (57) boot: ## Label            Usage          Type ST Offset   Length
I (63) boot:  0 nvs              WiFi data        01 02 00009000 00004000
I (70) boot:  1 otadata          OTA data         01 00 0000d000 00002000
I (76) boot:  2 phy_init         RF data          01 01 0000f000 00001000
I (83) boot:  3 ota_0            OTA app          00 10 00010000 000f0000
I (89) boot:  4 ota_1            OTA app          00 11 00100000 000f0000
I (96) boot:  5 rawdata          Unknown data     01 ff 001f0000 00010000
I (102) boot:  6 storage          Unknown data     01 82 00280000 00180000
I (109) boot: End of partition table
I (169) boot_comm: chip revision: 1, min. application chip revision: 0
I (169) esp_image: segment 0: paddr=0x00100020 vaddr=0x3f400020 size=0x1652c ( 91436) map
I (208) esp_image: segment 1: paddr=0x00116554 vaddr=0x3ffbdb60 size=0x03624 ( 13860) load
I (214) esp_image: segment 2: paddr=0x00119b80 vaddr=0x40080000 size=0x00404 (  1028) load
I (215) esp_image: segment 3: paddr=0x00119f8c vaddr=0x40080404 size=0x0608c ( 24716) load
I (232) esp_image: segment 4: paddr=0x00120020 vaddr=0x400d0020 size=0x65254 (414292) map
I (395) esp_image: segment 5: paddr=0x0018527c vaddr=0x40086490 size=0x0e160 ( 57696) load
I (432) boot: Loaded app from partition at offset 0x100000
I (432) boot: Checking flash encryption...
I (432) flash_encrypt: flash encryption is enabled (3 plaintext flashes left)
I (436) boot: Disabling RNG early entropy source...
I (441) cpu_start: Pro cpu up.
I (444) cpu_start: Application information:
I (448) cpu_start: Project name:     bt_spp_acceptor_demo
I (453) cpu_start: App version:      8
I (456) cpu_start: Compile time:     Dec  2 2020 11:57:07
I (461) cpu_start: ELF file SHA256:  810265f03ccbdca8...
I (466) cpu_start: ESP-IDF:          v4.2-dev-1303-gcd4fa46f5-dirty
I (472) cpu_start: Starting app cpu, entry point is 0x400815b0
W (478) flash_encrypt: Flash encryption mode is DEVELOPMENT (not secure)
I (469) cpu_start: App cpu up.
I (488) heap_init: Initializing. RAM available for dynamic allocation:
I (493) heap_init: At 3FFAFF10 len 000000F0 (0 KiB): DRAM
I (499) heap_init: At 3FFB6388 len 00001C78 (7 KiB): DRAM
I (504) heap_init: At 3FFB9A20 len 00004108 (16 KiB): DRAM
I (509) heap_init: At 3FFCAFC8 len 00015038 (84 KiB): DRAM
I (514) heap_init: At 3FFE0440 len 00003AE0 (14 KiB): D/IRAM
I (519) heap_init: At 3FFE4350 len 0001BCB0 (111 KiB): D/IRAM
I (525) heap_init: At 400945F0 len 0000BA10 (46 KiB): IRAM
I (530) cpu_start: Pro cpu start user code
I (548) spi_flash: detected chip: generic
I (548) spi_flash: flash io: dio
I (549) cpu_start: Starting scheduler on PRO CPU.
I (0) cpu_start: Starting scheduler on APP CPU.
I (575) BTDM_INIT: BT controller compile version [1ee1530]
I (575) system_api: Base MAC address is not set
I (575) system_api: read default base MAC address from EFUSE
I (685) phy: phy_version: 4181, c9a03e2, Mar 10 2020, 12:45:06, 0, 0
I (1255) SPP_ACCEPTOR_DEMO: ESP_SPP_INIT_EVT
I (1275) SPP_ACCEPTOR_DEMO: event: 10
I (1275) SPP_ACCEPTOR_DEMO: ESP_SPP_START_EVT
W (1285) fw_update_printBootInfo: Boot 0x00100000, Running 0x00100000
I (1285) fw_update_printBootInfo: Running fw version: 8
I (1285) task_ota: Try esp_ota_mark_app_valid_cancel_rollback()...
Guru Meditation Error: Core  0 panic'ed (IllegalInstruction). Exception was unhandled.
Memory dump at 0x4010b57c: 0422ffa0 248f7c4b 6618c782
Core  0 register dump:
PC      : 0x4010b583  PS      : 0x00060933  A0      : 0x800fdb7e  A1      : 0x3ffcc980  
A2      : 0x0000003f  A3      : 0x3ffc9ab0  A4      : 0x3ffb8d40  A5      : 0x000000ff  
A6      : 0x3ffc9aa8  A7      : 0x00060023  A8      : 0x8010b578  A9      : 0x3ffcc960  
A10     : 0x00000001  A11     : 0x3ffb81a4  A12     : 0x0000001f  A13     : 0x00060523  
A14     : 0x00000001  A15     : 0xfffffff8  SAR     : 0x0000001b  EXCCAUSE: 0x00000000  
EXCVADDR: 0x00000000  LBEG    : 0x4000c2e0  LEND    : 0x4000c2f6  LCOUNT  : 0xffffffff  

Backtrace:0x4010b580:0x3ffcc980 0x400fdb7b:0x3ffcc9c0 0x400fe129:0x3ffcc9e0 0x40091ab9:0x3ffcca10


ELF file SHA256: 810265f03ccbdca8

Rebooting...
ets Jun  8 2016 00:22:57

rst:0xc (SW_CPU_RESET),boot:0x13 (SPI_FAST_FLASH_BOOT)
configsip: 0, SPIWP:0xee
clk_drv:0x00,q_drv:0x00,d_drv:0x00,cs0_drv:0x00,hd_drv:0x00,wp_drv:0x00
mode:DIO, clock div:2
load:0x3fff0030,len:4
load:0x3fff0034,len:7720
load:0x40078000,len:15856
ho 0 tail 12 room 4
load:0x40080400,len:4000
entry 0x40080688
I (31) boot: ESP-IDF v4.2-dev-1303-gcd4fa46f5-dirty 2nd stage bootloader
I (31) boot: compile time 11:19:26
I (31) boot: chip revision: 1
I (33) boot_comm: chip revision: 1, min. bootloader chip revision: 0
I (39) boot.esp32: SPI Speed      : 40MHz
I (43) boot.esp32: SPI Mode       : DIO
I (46) boot.esp32: SPI Flash Size : 4MB
I (50) boot: Enabling RNG early entropy source...
I (54) boot: Partition Table:
I (57) boot: ## Label            Usage          Type ST Offset   Length
I (63) boot:  0 nvs              WiFi data        01 02 00009000 00004000
I (70) boot:  1 otadata          OTA data         01 00 0000d000 00002000
I (76) boot:  2 phy_init         RF data          01 01 0000f000 00001000
I (83) boot:  3 ota_0            OTA app          00 10 00010000 000f0000
I (89) boot:  4 ota_1            OTA app          00 11 00100000 000f0000
I (96) boot:  5 rawdata          Unknown data     01 ff 001f0000 00010000
I (102) boot:  6 storage          Unknown data     01 82 00280000 00180000
I (109) boot: End of partition table
E (112) boot: ota data partition invalid and no factory, will try all partitions
I (119) boot_comm: chip revision: 1, min. application chip revision: 0
I (126) esp_image: segment 0: paddr=0x00010020 vaddr=0x3f400020 size=0x1652c ( 91436) map
I (170) esp_image: segment 1: paddr=0x00026554 vaddr=0x3ffbdb60 size=0x03624 ( 13860) load
I (176) esp_image: segment 2: paddr=0x00029b80 vaddr=0x40080000 size=0x00404 (  1028) load
I (176) esp_image: segment 3: paddr=0x00029f8c vaddr=0x40080404 size=0x0608c ( 24716) load
I (193) esp_image: segment 4: paddr=0x00030020 vaddr=0x400d0020 size=0x65254 (414292) map
I (356) esp_image: segment 5: paddr=0x0009527c vaddr=0x40086490 size=0x0e160 ( 57696) load
I (393) boot: Loaded app from partition at offset 0x10000
I (394) boot: Checking flash encryption...
I (394) flash_encrypt: flash encryption is enabled (3 plaintext flashes left)
I (398) boot: Disabling RNG early entropy source...
I (403) cpu_start: Pro cpu up.
I (405) cpu_start: Application information:
I (409) cpu_start: Project name:     bt_spp_acceptor_demo
I (414) cpu_start: App version:      8
I (418) cpu_start: Compile time:     Dec  2 2020 11:57:07
I (423) cpu_start: ELF file SHA256:  810265f03ccbdca8...
I (428) cpu_start: ESP-IDF:          v4.2-dev-1303-gcd4fa46f5-dirty
I (434) cpu_start: Starting app cpu, entry point is 0x400815b0
W (440) flash_encrypt: Flash encryption mode is DEVELOPMENT (not secure)
I (431) cpu_start: App cpu up.
I (449) heap_init: Initializing. RAM available for dynamic allocation:
I (455) heap_init: At 3FFAFF10 len 000000F0 (0 KiB): DRAM
I (460) heap_init: At 3FFB6388 len 00001C78 (7 KiB): DRAM
I (465) heap_init: At 3FFB9A20 len 00004108 (16 KiB): DRAM
I (471) heap_init: At 3FFCAFC8 len 00015038 (84 KiB): DRAM
I (476) heap_init: At 3FFE0440 len 00003AE0 (14 KiB): D/IRAM
I (481) heap_init: At 3FFE4350 len 0001BCB0 (111 KiB): D/IRAM
I (487) heap_init: At 400945F0 len 0000BA10 (46 KiB): IRAM
I (492) cpu_start: Pro cpu start user code
I (509) spi_flash: detected chip: generic
I (510) spi_flash: flash io: dio
I (510) cpu_start: Starting scheduler on PRO CPU.
I (0) cpu_start: Starting scheduler on APP CPU.
I (537) BTDM_INIT: BT controller compile version [1ee1530]
I (537) system_api: Base MAC address is not set
I (537) system_api: read default base MAC address from EFUSE
I (647) phy: phy_version: 4181, c9a03e2, Mar 10 2020, 12:45:06, 0, 0
I (1207) SPP_ACCEPTOR_DEMO: ESP_SPP_INIT_EVT
I (1217) SPP_ACCEPTOR_DEMO: event: 10
I (1227) SPP_ACCEPTOR_DEMO: ESP_SPP_START_EVT
E (1227) esp_ota_ops: ota data invalid, no current app. Assuming factory
W (1237) fw_update_printBootInfo: Boot 0x00010000, Running 0x00010000
I (1237) fw_update_printBootInfo: Running fw version: 8
I (1237) task_ota: Try esp_ota_mark_app_valid_cancel_rollback()...
E (1247) esp_ota_ops: Running firmware is factory
I (1247) task_ota: esp_ota_mark_app_valid_cancel_rollback ret -1
I (2257) task_ota: next slot addr 0x100000, size 0xf0000, enc 1
I (3257) task_ota: Try esp_ota_set_boot_partition()...
I (3257) esp_image: segment 0: paddr=0x00100020 vaddr=0x3f400020 size=0x1652c ( 91436) map
I (3327) esp_image: segment 1: paddr=0x00116554 vaddr=0x3ffbdb60 size=0x03624 ( 13860) 
I (3337) esp_image: segment 2: paddr=0x00119b80 vaddr=0x40080000 size=0x00404 (  1028) 
I (3337) esp_image: segment 3: paddr=0x00119f8c vaddr=0x40080404 size=0x0608c ( 24716) 
I (3367) esp_image: segment 4: paddr=0x00120020 vaddr=0x400d0020 size=0x65254 (414292) map
I (3677) esp_image: segment 5: paddr=0x0018527c vaddr=0x40086490 size=0x0e160 ( 57696) 
I (3777) task_ota: Please restart! Boot at 0x100000
I (4777) task_ota: Try esp_ota_set_boot_partition()...
I (4777) esp_image: segment 0: paddr=0x00100020 vaddr=0x3f400020 size=0x1652c ( 91436) map
I (4847) esp_image: segment 1: paddr=0x00116554 vaddr=0x3ffbdb60 size=0x03624 ( 13860) 
I (4857) esp_image: segment 2: paddr=0x00119b80 vaddr=0x40080000 size=0x00404 (  1028) 
I (4857) esp_image: segment 3: paddr=0x00119f8c vaddr=0x40080404 size=0x0608c ( 24716) 
I (4887) esp_image: segment 4: paddr=0x00120020 vaddr=0x400d0020 size=0x65254 (414292) map
I (5207) esp_image: segment 5: paddr=0x0018527c vaddr=0x40086490 size=0x0e160 ( 57696) 
I (5327) task_ota: Please restart! Boot at 0x100000
I (6327) task_ota: Try esp_ota_set_boot_partition()...
I (6327) esp_image: segment 0: paddr=0x00100020 vaddr=0x3f400020 size=0x1652c ( 91436) map
I (6397) esp_image: segment 1: paddr=0x00116554 vaddr=0x3ffbdb60 size=0x03624 ( 13860) 
I (6407) esp_image: segment 2: paddr=0x00119b80 vaddr=0x40080000 size=0x00404 (  1028) 
I (6417) esp_image: segment 3: paddr=0x00119f8c vaddr=0x40080404 size=0x0608c ( 24716) 
I (6437) esp_image: segment 4: paddr=0x00120020 vaddr=0x400d0020 size=0x65254 (414292) map
I (6747) esp_image: segment 5: paddr=0x0018527c vaddr=0x40086490 size=0x0e160 ( 57696) 
I (6857) task_ota: Please restart! Boot at 0x100000
12:15:09 USER: COM13 rts on
I (7857) task_ota: Try esp_ota_set_boot_partition()...
I (7857) esp_image: segment 0: paddr=0x00100020 vaddr=0x3f400020 size=0x1652c ( 91436) map
I (7927) esp_image: segment 1: paddr=0x00116554 vaddr=0x3ffbdb60 size=0x03624 ( 13860) 
I (7937) esp_image: segment 2: paddr=0x00119b80 vaddr=0x40080000 size=0x00404 (  1028) 
I (7937) esp_image: segment 3: paddr=0x00119f8c vaddr=0x40080404 size=0x0608c ( 24716) 
I (7967) esp_image: segment 4: paddr=0x00120020 vaddr=0x400d0020 size=0x65254 (414292) map
12:15:17 USER: COM13 rts off
ets Jun  8 2016 00:22:57

rst:0x1 (POWERON_RESET),boot:0x13 (SPI_FAST_FLASH_BOOT)
configsip: 0, SPIWP:0xee
clk_drv:0x00,q_drv:0x00,d_drv:0x00,cs0_drv:0x00,hd_drv:0x00,wp_drv:0x00
mode:DIO, clock div:2
load:0x3fff0030,len:4
load:0x3fff0034,len:7720
load:0x40078000,len:15856
ho 0 tail 12 room 4
load:0x40080400,len:4000
entry 0x40080688
I (30) boot: ESP-IDF v4.2-dev-1303-gcd4fa46f5-dirty 2nd stage bootloader
I (30) boot: compile time 11:19:26
I (30) boot: chip revision: 1
I (32) boot_comm: chip revision: 1, min. bootloader chip revision: 0
I (39) boot.esp32: SPI Speed      : 40MHz
I (42) boot.esp32: SPI Mode       : DIO
I (46) boot.esp32: SPI Flash Size : 4MB
I (49) boot: Enabling RNG early entropy source...
I (54) boot: Partition Table:
I (56) boot: ## Label            Usage          Type ST Offset   Length
I (63) boot:  0 nvs              WiFi data        01 02 00009000 00004000
I (69) boot:  1 otadata          OTA data         01 00 0000d000 00002000
I (76) boot:  2 phy_init         RF data          01 01 0000f000 00001000
I (82) boot:  3 ota_0            OTA app          00 10 00010000 000f0000
I (89) boot:  4 ota_1            OTA app          00 11 00100000 000f0000
I (95) boot:  5 rawdata          Unknown data     01 ff 001f0000 00010000
I (102) boot:  6 storage          Unknown data     01 82 00280000 00180000
I (108) boot: End of partition table
I (152) boot_comm: chip revision: 1, min. application chip revision: 0
I (152) esp_image: segment 0: paddr=0x00100020 vaddr=0x3f400020 size=0x1652c ( 91436) map
I (191) esp_image: segment 1: paddr=0x00116554 vaddr=0x3ffbdb60 size=0x03624 ( 13860) load
I (197) esp_image: segment 2: paddr=0x00119b80 vaddr=0x40080000 size=0x00404 (  1028) load
I (198) esp_image: segment 3: paddr=0x00119f8c vaddr=0x40080404 size=0x0608c ( 24716) load
I (215) esp_image: segment 4: paddr=0x00120020 vaddr=0x400d0020 size=0x65254 (414292) map
I (378) esp_image: segment 5: paddr=0x0018527c vaddr=0x40086490 size=0x0e160 ( 57696) load
I (415) boot: Loaded app from partition at offset 0x100000
I (415) boot: Checking flash encryption...
I (415) flash_encrypt: flash encryption is enabled (3 plaintext flashes left)
I (419) boot: Disabling RNG early entropy source...
I (424) cpu_start: Pro cpu up.
I (427) cpu_start: Application information:
I (431) cpu_start: Project name:     bt_spp_acceptor_demo
I (436) cpu_start: App version:      8
I (439) cpu_start: Compile time:     Dec  2 2020 11:57:07
I (444) cpu_start: ELF file SHA256:  810265f03ccbdca8...
I (449) cpu_start: ESP-IDF:          v4.2-dev-1303-gcd4fa46f5-dirty
I (455) cpu_start: Starting app cpu, entry point is 0x400815b0
W (461) flash_encrypt: Flash encryption mode is DEVELOPMENT (not secure)
I (0) cpu_start: App cpu up.
I (470) heap_init: Initializing. RAM available for dynamic allocation:
I (476) heap_init: At 3FFAFF10 len 000000F0 (0 KiB): DRAM
I (481) heap_init: At 3FFB6388 len 00001C78 (7 KiB): DRAM
I (487) heap_init: At 3FFB9A20 len 00004108 (16 KiB): DRAM
I (492) heap_init: At 3FFCAFC8 len 00015038 (84 KiB): DRAM
I (497) heap_init: At 3FFE0440 len 00003AE0 (14 KiB): D/IRAM
I (502) heap_init: At 3FFE4350 len 0001BCB0 (111 KiB): D/IRAM
I (508) heap_init: At 400945F0 len 0000BA10 (46 KiB): IRAM
I (513) cpu_start: Pro cpu start user code
I (531) spi_flash: detected chip: generic
I (531) spi_flash: flash io: dio
I (531) cpu_start: Starting scheduler on PRO CPU.
I (0) cpu_start: Starting scheduler on APP CPU.
I (558) BTDM_INIT: BT controller compile version [1ee1530]
I (558) system_api: Base MAC address is not set
I (558) system_api: read default base MAC address from EFUSE
I (658) phy: phy_version: 4181, c9a03e2, Mar 10 2020, 12:45:06, 0, 0
I (1198) SPP_ACCEPTOR_DEMO: ESP_SPP_INIT_EVT
I (1208) SPP_ACCEPTOR_DEMO: event: 10
I (1208) SPP_ACCEPTOR_DEMO: ESP_SPP_START_EVT
W (1218) fw_update_printBootInfo: Boot 0x00100000, Running 0x00100000
I (1228) fw_update_printBootInfo: Running fw version: 8
I (1228) task_ota: Try esp_ota_mark_app_valid_cancel_rollback()...
Guru Meditation Error: Core  0 panic'ed (IllegalInstruction). Exception was unhandled.
Memory dump at 0x4010b57c: 0422ffa0 248f7c4b 6618c782
Core  0 register dump:
PC      : 0x4010b583  PS      : 0x00060933  A0      : 0x800fdb7e  A1      : 0x3ffcc980  
A2      : 0x0000003f  A3      : 0x3ffc9ab0  A4      : 0x3ffb8d40  A5      : 0x000000ff  
A6      : 0x3ffc9aa8  A7      : 0x00060023  A8      : 0x8010b578  A9      : 0x3ffcc960  
A10     : 0x00000001  A11     : 0x3ffb81a4  A12     : 0x0000001f  A13     : 0x00060523  
A14     : 0x00000001  A15     : 0xfffffff8  SAR     : 0x0000001b  EXCCAUSE: 0x00000000  
EXCVADDR: 0x00000000  LBEG    : 0x4000c2e0  LEND    : 0x4000c2f6  LCOUNT  : 0xffffffff  

Backtrace:0x4010b580:0x3ffcc980 0x400fdb7b:0x3ffcc9c0 0x400fe129:0x3ffcc9e0 0x40091ab9:0x3ffcca10


ELF file SHA256: 810265f03ccbdca8

Rebooting...
ets Jun  8 2016 00:22:57

rst:0xc (SW_CPU_RESET),boot:0x13 (SPI_FAST_FLASH_BOOT)
configsip: 0, SPIWP:0xee
clk_drv:0x00,q_drv:0x00,d_drv:0x00,cs0_drv:0x00,hd_drv:0x00,wp_drv:0x00
mode:DIO, clock div:2
load:0x3fff0030,len:4
load:0x3fff0034,len:7720
load:0x40078000,len:15856
ho 0 tail 12 room 4
load:0x40080400,len:4000
entry 0x40080688
I (31) boot: ESP-IDF v4.2-dev-1303-gcd4fa46f5-dirty 2nd stage bootloader
I (31) boot: compile time 11:19:26
I (31) boot: chip revision: 1
I (33) boot_comm: chip revision: 1, min. bootloader chip revision: 0
I (39) boot.esp32: SPI Speed      : 40MHz
I (43) boot.esp32: SPI Mode       : DIO
I (46) boot.esp32: SPI Flash Size : 4MB
I (50) boot: Enabling RNG early entropy source...
I (54) boot: Partition Table:
I (57) boot: ## Label            Usage          Type ST Offset   Length
I (63) boot:  0 nvs              WiFi data        01 02 00009000 00004000
I (70) boot:  1 otadata          OTA data         01 00 0000d000 00002000
I (76) boot:  2 phy_init         RF data          01 01 0000f000 00001000
I (83) boot:  3 ota_0            OTA app          00 10 00010000 000f0000
I (89) boot:  4 ota_1            OTA app          00 11 00100000 000f0000
I (96) boot:  5 rawdata          Unknown data     01 ff 001f0000 00010000
I (102) boot:  6 storage          Unknown data     01 82 00280000 00180000
I (109) boot: End of partition table
I (165) boot_comm: chip revision: 1, min. application chip revision: 0
I (166) esp_image: segment 0: paddr=0x00100020 vaddr=0x3f400020 size=0x1652c ( 91436) map
I (204) esp_image: segment 1: paddr=0x00116554 vaddr=0x3ffbdb60 size=0x03624 ( 13860) load
I (211) esp_image: segment 2: paddr=0x00119b80 vaddr=0x40080000 size=0x00404 (  1028) load
I (211) esp_image: segment 3: paddr=0x00119f8c vaddr=0x40080404 size=0x0608c ( 24716) load
I (228) esp_image: segment 4: paddr=0x00120020 vaddr=0x400d0020 size=0x65254 (414292) map
I (391) esp_image: segment 5: paddr=0x0018527c vaddr=0x40086490 size=0x0e160 ( 57696) load
I (428) boot: Loaded app from partition at offset 0x100000
I (428) boot: Checking flash encryption...
I (428) flash_encrypt: flash encryption is enabled (3 plaintext flashes left)
I (433) boot: Disabling RNG early entropy source...
I (438) cpu_start: Pro cpu up.
I (440) cpu_start: Application information:
I (444) cpu_start: Project name:     bt_spp_acceptor_demo
I (449) cpu_start: App version:      8
I (453) cpu_start: Compile time:     Dec  2 2020 11:57:07
I (458) cpu_start: ELF file SHA256:  810265f03ccbdca8...
I (463) cpu_start: ESP-IDF:          v4.2-dev-1303-gcd4fa46f5-dirty
I (469) cpu_start: Starting app cpu, entry point is 0x400815b0
W (475) flash_encrypt: Flash encryption mode is DEVELOPMENT (not secure)
I (466) cpu_start: App cpu up.
I (484) heap_init: Initializing. RAM available for dynamic allocation:
I (490) heap_init: At 3FFAFF10 len 000000F0 (0 KiB): DRAM
I (495) heap_init: At 3FFB6388 len 00001C78 (7 KiB): DRAM
I (500) heap_init: At 3FFB9A20 len 00004108 (16 KiB): DRAM
I (505) heap_init: At 3FFCAFC8 len 00015038 (84 KiB): DRAM
I (511) heap_init: At 3FFE0440 len 00003AE0 (14 KiB): D/IRAM
I (516) heap_init: At 3FFE4350 len 0001BCB0 (111 KiB): D/IRAM
I (521) heap_init: At 400945F0 len 0000BA10 (46 KiB): IRAM
I (527) cpu_start: Pro cpu start user code
I (544) spi_flash: detected chip: generic
I (545) spi_flash: flash io: dio
I (545) cpu_start: Starting scheduler on PRO CPU.
I (0) cpu_start: Starting scheduler on APP CPU.
I (572) BTDM_INIT: BT controller compile version [1ee1530]
I (572) system_api: Base MAC address is not set
I (572) system_api: read default base MAC address from EFUSE
I (672) phy: phy_version: 4181, c9a03e2, Mar 10 2020, 12:45:06, 0, 0
I (1232) SPP_ACCEPTOR_DEMO: ESP_SPP_INIT_EVT
I (1252) SPP_ACCEPTOR_DEMO: event: 10
I (1252) SPP_ACCEPTOR_DEMO: ESP_SPP_START_EVT
W (1262) fw_update_printBootInfo: Boot 0x00100000, Running 0x00100000
I (1262) fw_update_printBootInfo: Running fw version: 8
I (1262) task_ota: Try esp_ota_mark_app_valid_cancel_rollback()...
Guru Meditation Error: Core  0 panic'ed (IllegalInstruction). Exception was unhandled.
Memory dump at 0x4010b57c: 0422ffa0 248f7c4b 6618c782
Core  0 register dump:
PC      : 0x4010b583  PS      : 0x00060933  A0      : 0x800fdb7e  A1      : 0x3ffcc980  
A2      : 0x0000003f  A3      : 0x3ffc9ab0  A4      : 0x3ffb8d40  A5      : 0x000000ff  
A6      : 0x3ffc9aa8  A7      : 0x00060023  A8      : 0x8010b578  A9      : 0x3ffcc960  
A10     : 0x00000001  A11     : 0x3ffb81a4  A12     : 0x0000001f  A13     : 0x00060523  
A14     : 0x00000001  A15     : 0xfffffff8  SAR     : 0x0000001b  EXCCAUSE: 0x00000000  
EXCVADDR: 0x00000000  LBEG    : 0x4000c2e0  LEND    : 0x4000c2f6  LCOUNT  : 0xffffffff  

Backtrace:0x4010b580:0x3ffcc980 0x400fdb7b:0x3ffcc9c0 0x400fe129:0x3ffcc9e0 0x40091ab9:0x3ffcca10


ELF file SHA256: 810265f03ccbdca8

Rebooting...
ets Jun  8 2016 00:22:57

rst:0xc (SW_CPU_RESET),boot:0x13 (SPI_FAST_FLASH_BOOT)
configsip: 0, SPIWP:0xee
clk_drv:0x00,q_drv:0x00,d_drv:0x00,cs0_drv:0x00,hd_drv:0x00,wp_drv:0x00
mode:DIO, clock div:2
load:0x3fff0030,len:4
load:0x3fff0034,len:7720
load:0x40078000,len:15856
ho 0 tail 12 room 4
load:0x40080400,len:4000
entry 0x40080688
I (31) boot: ESP-IDF v4.2-dev-1303-gcd4fa46f5-dirty 2nd stage bootloader
I (31) boot: compile time 11:19:26
I (31) boot: chip revision: 1
I (33) boot_comm: chip revision: 1, min. bootloader chip revision: 0
I (39) boot.esp32: SPI Speed      : 40MHz
I (43) boot.esp32: SPI Mode       : DIO
I (46) boot.esp32: SPI Flash Size : 4MB
I (50) boot: Enabling RNG early entropy source...
I (54) boot: Partition Table:
I (57) boot: ## Label            Usage          Type ST Offset   Length
I (63) boot:  0 nvs              WiFi data        01 02 00009000 00004000
I (70) boot:  1 otadata          OTA data         01 00 0000d000 00002000
I (76) boot:  2 phy_init         RF data          01 01 0000f000 00001000
I (83) boot:  3 ota_0            OTA app          00 10 00010000 000f0000
I (89) boot:  4 ota_1            OTA app          00 11 00100000 000f0000
I (96) boot:  5 rawdata          Unknown data     01 ff 001f0000 00010000
I (102) boot:  6 storage          Unknown data     01 82 00280000 00180000
I (109) boot: End of partition table
E (112) boot: ota data partition invalid and no factory, will try all partitions
I (119) boot_comm: chip revision: 1, min. application chip revision: 0
I (126) esp_image: segment 0: paddr=0x00010020 vaddr=0x3f400020 size=0x1652c ( 91436) map
I (170) esp_image: segment 1: paddr=0x00026554 vaddr=0x3ffbdb60 size=0x03624 ( 13860) load
I (176) esp_image: segment 2: paddr=0x00029b80 vaddr=0x40080000 size=0x00404 (  1028) load
I (176) esp_image: segment 3: paddr=0x00029f8c vaddr=0x40080404 size=0x0608c ( 24716) load
I (193) esp_image: segment 4: paddr=0x00030020 vaddr=0x400d0020 size=0x65254 (414292) map
I (356) esp_image: segment 5: paddr=0x0009527c vaddr=0x40086490 size=0x0e160 ( 57696) load
I (393) boot: Loaded app from partition at offset 0x10000
I (394) boot: Checking flash encryption...
I (394) flash_encrypt: flash encryption is enabled (3 plaintext flashes left)
I (398) boot: Disabling RNG early entropy source...
I (403) cpu_start: Pro cpu up.
I (405) cpu_start: Application information:
I (409) cpu_start: Project name:     bt_spp_acceptor_demo
I (414) cpu_start: App version:      8
I (418) cpu_start: Compile time:     Dec  2 2020 11:57:07
I (423) cpu_start: ELF file SHA256:  810265f03ccbdca8...
I (428) cpu_start: ESP-IDF:          v4.2-dev-1303-gcd4fa46f5-dirty
I (434) cpu_start: Starting app cpu, entry point is 0x400815b0
W (440) flash_encrypt: Flash encryption mode is DEVELOPMENT (not secure)
I (431) cpu_start: App cpu up.
I (449) heap_init: Initializing. RAM available for dynamic allocation:
I (455) heap_init: At 3FFAFF10 len 000000F0 (0 KiB): DRAM
I (460) heap_init: At 3FFB6388 len 00001C78 (7 KiB): DRAM
I (465) heap_init: At 3FFB9A20 len 00004108 (16 KiB): DRAM
I (471) heap_init: At 3FFCAFC8 len 00015038 (84 KiB): DRAM
I (476) heap_init: At 3FFE0440 len 00003AE0 (14 KiB): D/IRAM
I (481) heap_init: At 3FFE4350 len 0001BCB0 (111 KiB): D/IRAM
I (487) heap_init: At 400945F0 len 0000BA10 (46 KiB): IRAM
I (492) cpu_start: Pro cpu start user code
I (509) spi_flash: detected chip: generic
I (510) spi_flash: flash io: dio
I (510) cpu_start: Starting scheduler on PRO CPU.
I (0) cpu_start: Starting scheduler on APP CPU.
I (537) BTDM_INIT: BT controller compile version [1ee1530]
I (537) system_api: Base MAC address is not set
I (537) system_api: read default base MAC address from EFUSE
I (647) phy: phy_version: 4181, c9a03e2, Mar 10 2020, 12:45:06, 0, 0
I (1207) SPP_ACCEPTOR_DEMO: ESP_SPP_INIT_EVT
I (1227) SPP_ACCEPTOR_DEMO: event: 10
I (1227) SPP_ACCEPTOR_DEMO: ESP_SPP_START_EVT
E (1237) esp_ota_ops: ota data invalid, no current app. Assuming factory
W (1237) fw_update_printBootInfo: Boot 0x00010000, Running 0x00010000
I (1247) fw_update_printBootInfo: Running fw version: 8
I (1247) task_ota: Try esp_ota_mark_app_valid_cancel_rollback()...
E (1257) esp_ota_ops: Running firmware is factory
I (1257) task_ota: esp_ota_mark_app_valid_cancel_rollback ret -1
I (2267) task_ota: next slot addr 0x100000, size 0xf0000, enc 1
I (3267) task_ota: Try esp_ota_set_boot_partition()...
I (3267) esp_image: segment 0: paddr=0x00100020 vaddr=0x3f400020 size=0x1652c ( 91436) map
I (3337) esp_image: segment 1: paddr=0x00116554 vaddr=0x3ffbdb60 size=0x03624 ( 13860) 
I (3347) esp_image: segment 2: paddr=0x00119b80 vaddr=0x40080000 size=0x00404 (  1028) 
I (3347) esp_image: segment 3: paddr=0x00119f8c vaddr=0x40080404 size=0x0608c ( 24716) 
I (3377) esp_image: segment 4: paddr=0x00120020 vaddr=0x400d0020 size=0x65254 (414292) map
12:15:24 USER: COM13 rts on
I (3687) esp_image: segment 5: paddr=0x0018527c vaddr=0x40086490 size=0x0e160 ( 57696) 
I (3787) task_ota: Please restart! Boot at 0x100000
